<!doctype html public "-//w3c//dtd html 4.0 transitional//en">
<html><head>
<title>Static Call Graph - [.\Objects\asm3-7.axf]</title></head>
<body><HR>
<H1>Static Call Graph for image .\Objects\asm3-7.axf</H1><HR>
<BR><P>#&#060CALLGRAPH&#062# ARM Linker, 5060750: Last Updated: Sat Mar 02 15:52:23 2019
<BR><P>
<H3>Maximum Stack Usage =          0 bytes + Unknown(Functions without stacksize, Untraceable Function Pointers)</H3><H3>
Call chain for Maximum Stack Depth:</H3>

<P>
<H3>
Functions with no stack information
</H3><UL>
 <LI><a href="#[2]">Reset_Handler</a>
</UL>
</UL>
<P>
<H3>
Function Pointers
</H3><UL>
 <LI><a href="#[1]">MyMain</a> from asm3-7.o(.text) referenced from start.o(Init)
 <LI><a href="#[2]">Reset_Handler</a> from start.o(Init) referenced from start.o(Reset)
</UL>
<P>
<H3>
Global Symbols
</H3>
<P><STRONG><a name="[1]"></a>MyMain</STRONG> (Thumb, 52 bytes, Stack size 0 bytes, asm3-7.o(.text))
<BR><BR>[Calls]<UL><LI><a href="#[3]">&gt;&gt;</a>&nbsp;&nbsp;&nbsp;Hex2String
</UL>
<BR>[Address Reference Count : 1]<UL><LI> start.o(Init)
</UL><P>
<H3>
Local Symbols
</H3>
<P><STRONG><a name="[2]"></a>Reset_Handler</STRONG> (Thumb, 0 bytes, Stack size unknown bytes, start.o(Init))

<P><STRONG><a name="[3]"></a>Hex2String</STRONG> (Thumb, 46 bytes, Stack size 0 bytes, asm3-7.o(.text))
<BR><BR>[Calls]<UL><LI><a href="#[4]">&gt;&gt;</a>&nbsp;&nbsp;&nbsp;Hex2ASCII
</UL>
<BR>[Called By]<UL><LI><a href="#[1]">&gt;&gt;</a>&nbsp;&nbsp;&nbsp;MyMain
</UL>

<P><STRONG><a name="[4]"></a>Hex2ASCII</STRONG> (Thumb, 14 bytes, Stack size 0 bytes, asm3-7.o(.text))
<BR><BR>[Called By]<UL><LI><a href="#[3]">&gt;&gt;</a>&nbsp;&nbsp;&nbsp;Hex2String
</UL>
<P>
<H3>
Undefined Global Symbols
</H3><HR></body></html>
