Component: ARM Compiler 5.06 update 6 (build 750) Tool: armlink [4d35ed]

==============================================================================

Section Cross References

    start.o(Reset) refers to start.o(MyStack) for __initial_sp
    start.o(Reset) refers to start.o(Init) for Reset_Handler
    start.o(Init) refers to asm3-9.o(.text) for MyMain
    asm3-9.o(.text) refers to add.o(i.testfunc) for testfunc
    add.o(i.testfunc) refers to asm3-9.o(.text) for my_add_asm


==============================================================================

Image Symbol Table

    Local Symbols

    Symbol Name                              Value     Ov Type        Size  Object(Section)

    add.c                                    0x00000000   Number         0  add.o ABSOLUTE
    asm3-9.s                                 0x00000000   Number         0  asm3-9.o ABSOLUTE
    start.s                                  0x00000000   Number         0  start.o ABSOLUTE
    Reset                                    0x08000000   Section        8  start.o(Reset)
    .text                                    0x08000008   Section       76  asm3-9.o(.text)
    $v0                                      0x08000008   Number         0  asm3-9.o(.text)
    Init                                     0x08000054   Section        8  start.o(Init)
    $v0                                      0x08000054   Number         0  start.o(Init)
    Reset_Handler                            0x08000055   Thumb Code     0  start.o(Init)
    i.testfunc                               0x0800005c   Section        0  add.o(i.testfunc)
    MyStack                                  0x20000000   Section     1024  start.o(MyStack)
    __initial_sp                             0x20000400   Data           0  start.o(MyStack)

    Global Symbols

    Symbol Name                              Value     Ov Type        Size  Object(Section)

    BuildAttributes$$THM_ISAv4$E$P$D$K$B$S$7EM$VFPi3$EXTD16$VFPS$VFMA$PE$A:L22UL41UL21$X:L11$S22US41US21$IEEE1$IW$USESV6$~STKCKD$USESV7$~SHL$OSPACE$EBA8$STANDARDLIB$REQ8$PRES8$EABIv2 0x00000000   Number         0  anon$$obj.o ABSOLUTE
    Image$$ER_IROM1$$RO$$Base                0x08000000   Number         0  anon$$obj.o ABSOLUTE
    MyMain                                   0x08000009   Thumb Code    42  asm3-9.o(.text)
    my_add_asm                               0x08000033   Thumb Code    16  asm3-9.o(.text)
    testfunc                                 0x0800005d   Thumb Code    30  add.o(i.testfunc)
    Image$$ER_IROM1$$RO$$Limit               0x0800007c   Number         0  anon$$obj.o ABSOLUTE
    Image$$RW_IRAM1$$RW$$Base                0x20000000   Number         0  anon$$obj.o ABSOLUTE
    Image$$RW_IRAM1$$RW$$Limit               0x20000000   Number         0  anon$$obj.o ABSOLUTE
    Image$$RW_IRAM1$$ZI$$Base                0x20000000   Number         0  anon$$obj.o ABSOLUTE
    Image$$RW_IRAM1$$ZI$$Limit               0x20000400   Number         0  anon$$obj.o ABSOLUTE



==============================================================================

Memory Map of the image

  Image Entry point : 0x08000055

  Load Region LR_IROM1 (Base: 0x08000000, Size: 0x0000007c, Max: 0x00080000, ABSOLUTE)

    Execution Region ER_IROM1 (Exec base: 0x08000000, Load base: 0x08000000, Size: 0x0000007c, Max: 0x00080000, ABSOLUTE)

    Exec Addr    Load Addr    Size         Type   Attr      Idx    E Section Name        Object

    0x08000000   0x08000000   0x00000008   Data   RO            2    Reset               start.o
    0x08000008   0x08000008   0x0000004c   Code   RO            8    .text               asm3-9.o
    0x08000054   0x08000054   0x00000008   Code   RO            3  * Init                start.o
    0x0800005c   0x0800005c   0x0000001e   Code   RO           12    i.testfunc          add.o


    Execution Region RW_IRAM1 (Exec base: 0x20000000, Load base: 0x0800007c, Size: 0x00000400, Max: 0x00020000, ABSOLUTE)

    Exec Addr    Load Addr    Size         Type   Attr      Idx    E Section Name        Object

    0x20000000        -       0x00000400   Zero   RW            1    MyStack             start.o


==============================================================================

Image component sizes


      Code (inc. data)   RO Data    RW Data    ZI Data      Debug   Object Name

        30          0          0          0          0       1891   add.o
        76         16          0          0          0        384   asm3-9.o
         8          4          8          0       1024        220   start.o

    ----------------------------------------------------------------------
       116         20          8          0       1024       2495   Object Totals
         0          0          0          0          0          0   (incl. Generated)
         2          0          0          0          0          0   (incl. Padding)

    ----------------------------------------------------------------------
         0          0          0          0          0          0   Library Totals
         0          0          0          0          0          0   (incl. Padding)

    ----------------------------------------------------------------------

==============================================================================


      Code (inc. data)   RO Data    RW Data    ZI Data      Debug   

       116         20          8          0       1024       2495   Grand Totals
       116         20          8          0       1024       2495   ELF Image Totals
       116         20          8          0          0          0   ROM Totals

==============================================================================

    Total RO  Size (Code + RO Data)                  124 (   0.12kB)
    Total RW  Size (RW Data + ZI Data)              1024 (   1.00kB)
    Total ROM Size (Code + RO Data + RW Data)        124 (   0.12kB)

==============================================================================

