Component: ARM Compiler 5.06 update 6 (build 750) Tool: armlink [4d35ed]

==============================================================================

Section Cross References

    asm3-8.o(.text) refers to add.o(i.my_add_c) for my_add_c
    asm3-8.o(.text) refers to asm3-8.o(MyData) for Result
    start.o(Reset) refers to start.o(MyStack) for __initial_sp
    start.o(Reset) refers to start.o(Init) for Reset_Handler
    start.o(Init) refers to asm3-8.o(.text) for MyMain


==============================================================================

Image Symbol Table

    Local Symbols

    Symbol Name                              Value     Ov Type        Size  Object(Section)

    add.c                                    0x00000000   Number         0  add.o ABSOLUTE
    asm3-8.s                                 0x00000000   Number         0  asm3-8.o ABSOLUTE
    start.s                                  0x00000000   Number         0  start.o ABSOLUTE
    Reset                                    0x08000000   Section        8  start.o(Reset)
    .text                                    0x08000008   Section      108  asm3-8.o(.text)
    $v0                                      0x08000008   Number         0  asm3-8.o(.text)
    Init                                     0x08000074   Section        8  start.o(Init)
    $v0                                      0x08000074   Number         0  start.o(Init)
    Reset_Handler                            0x08000075   Thumb Code     0  start.o(Init)
    i.my_add_c                               0x0800007c   Section        0  add.o(i.my_add_c)
    MyData                                   0x20000000   Section        4  asm3-8.o(MyData)
    Result                                   0x20000000   Data           4  asm3-8.o(MyData)
    MyStack                                  0x20000008   Section     1024  start.o(MyStack)
    __initial_sp                             0x20000408   Data           0  start.o(MyStack)

    Global Symbols

    Symbol Name                              Value     Ov Type        Size  Object(Section)

    BuildAttributes$$THM_ISAv4$E$P$D$K$B$S$7EM$VFPi3$EXTD16$VFPS$VFMA$PE$A:L22UL41UL21$X:L11$S22US41US21$IEEE1$IW$USESV6$~STKCKD$USESV7$~SHL$OSPACE$EBA8$STANDARDLIB$REQ8$PRES8$EABIv2 0x00000000   Number         0  anon$$obj.o ABSOLUTE
    Image$$ER_IROM1$$RO$$Base                0x08000000   Number         0  anon$$obj.o ABSOLUTE
    MyMain                                   0x08000009   Thumb Code    86  asm3-8.o(.text)
    my_add_c                                 0x0800007d   Thumb Code    20  add.o(i.my_add_c)
    Image$$ER_IROM1$$RO$$Limit               0x08000090   Number         0  anon$$obj.o ABSOLUTE
    Image$$RW_IRAM1$$RW$$Base                0x20000000   Number         0  anon$$obj.o ABSOLUTE
    Image$$RW_IRAM1$$RW$$Limit               0x20000004   Number         0  anon$$obj.o ABSOLUTE
    Image$$RW_IRAM1$$ZI$$Base                0x20000004   Number         0  anon$$obj.o ABSOLUTE
    Image$$RW_IRAM1$$ZI$$Limit               0x20000408   Number         0  anon$$obj.o ABSOLUTE



==============================================================================

Memory Map of the image

  Image Entry point : 0x08000075

  Load Region LR_IROM1 (Base: 0x08000000, Size: 0x00000094, Max: 0x00080000, ABSOLUTE)

    Execution Region ER_IROM1 (Exec base: 0x08000000, Load base: 0x08000000, Size: 0x00000090, Max: 0x00080000, ABSOLUTE)

    Exec Addr    Load Addr    Size         Type   Attr      Idx    E Section Name        Object

    0x08000000   0x08000000   0x00000008   Data   RO            9    Reset               start.o
    0x08000008   0x08000008   0x0000006c   Code   RO            1    .text               asm3-8.o
    0x08000074   0x08000074   0x00000008   Code   RO           10  * Init                start.o
    0x0800007c   0x0800007c   0x00000014   Code   RO           13    i.my_add_c          add.o


    Execution Region RW_IRAM1 (Exec base: 0x20000000, Load base: 0x08000090, Size: 0x00000408, Max: 0x00020000, ABSOLUTE)

    Exec Addr    Load Addr    Size         Type   Attr      Idx    E Section Name        Object

    0x20000000   0x08000090   0x00000004   Data   RW            2    MyData              asm3-8.o
    0x20000004   0x08000094   0x00000004   PAD
    0x20000008        -       0x00000400   Zero   RW            8    MyStack             start.o


==============================================================================

Image component sizes


      Code (inc. data)   RO Data    RW Data    ZI Data      Debug   Object Name

        20          0          0          0          0       2087   add.o
       108         20          0          4          0        388   asm3-8.o
         8          4          8          0       1024        188   start.o

    ----------------------------------------------------------------------
       136         24          8          4       1028       2663   Object Totals
         0          0          0          0          0          0   (incl. Generated)
         0          0          0          0          4          0   (incl. Padding)

    ----------------------------------------------------------------------
         0          0          0          0          0          0   Library Totals
         0          0          0          0          0          0   (incl. Padding)

    ----------------------------------------------------------------------

==============================================================================


      Code (inc. data)   RO Data    RW Data    ZI Data      Debug   

       136         24          8          4       1028       2663   Grand Totals
       136         24          8          4       1028       2663   ELF Image Totals
       136         24          8          4          0          0   ROM Totals

==============================================================================

    Total RO  Size (Code + RO Data)                  144 (   0.14kB)
    Total RW  Size (RW Data + ZI Data)              1032 (   1.01kB)
    Total ROM Size (Code + RO Data + RW Data)        148 (   0.14kB)

==============================================================================

