Component: ARM Compiler 5.06 update 6 (build 750) Tool: armlink [4d35ed]

==============================================================================

Section Cross References

    start.o(Reset) refers to start.o(MyStack) for __initial_sp
    start.o(Reset) refers to start.o(Init) for Reset_Handler
    start.o(Init) refers to asm3-7.o(.text) for MyMain
    asm3-7.o(.text) refers to asm3-7.o(MyData) for Number


==============================================================================

Image Symbol Table

    Local Symbols

    Symbol Name                              Value     Ov Type        Size  Object(Section)

    asm3-7.s                                 0x00000000   Number         0  asm3-7.o ABSOLUTE
    start.s                                  0x00000000   Number         0  start.o ABSOLUTE
    Reset                                    0x08000000   Section        8  start.o(Reset)
    .text                                    0x08000008   Section      136  asm3-7.o(.text)
    $v0                                      0x08000008   Number         0  asm3-7.o(.text)
    Hex2String                               0x0800003d   Thumb Code    46  asm3-7.o(.text)
    Hex2ASCII                                0x0800006b   Thumb Code    14  asm3-7.o(.text)
    Init                                     0x08000090   Section        8  start.o(Init)
    $v0                                      0x08000090   Number         0  start.o(Init)
    Reset_Handler                            0x08000091   Thumb Code     0  start.o(Init)
    MyData                                   0x20000000   Section        8  asm3-7.o(MyData)
    Number                                   0x20000000   Data           4  asm3-7.o(MyData)
    String                                   0x20000004   Data           4  asm3-7.o(MyData)
    MyStack                                  0x20000008   Section     1024  start.o(MyStack)
    __initial_sp                             0x20000408   Data           0  start.o(MyStack)

    Global Symbols

    Symbol Name                              Value     Ov Type        Size  Object(Section)

    BuildAttributes$$THM_ISAv4$E$P$D$K$B$S$7EM$VFPi3$EXTD16$VFPS$VFMA$PE$A:L22UL41UL21$X:L11$S22US41US21$IEEE1$IW$USESV6$~STKCKD$USESV7$~SHL$OSPACE$EBA8$STANDARDLIB$PRES8$EABIv2 0x00000000   Number         0  anon$$obj.o ABSOLUTE
    Image$$ER_IROM1$$RO$$Base                0x08000000   Number         0  anon$$obj.o ABSOLUTE
    MyMain                                   0x08000009   Thumb Code    52  asm3-7.o(.text)
    Image$$ER_IROM1$$RO$$Limit               0x08000098   Number         0  anon$$obj.o ABSOLUTE
    Image$$RW_IRAM1$$RW$$Base                0x20000000   Number         0  anon$$obj.o ABSOLUTE
    Image$$RW_IRAM1$$RW$$Limit               0x20000008   Number         0  anon$$obj.o ABSOLUTE
    Image$$RW_IRAM1$$ZI$$Base                0x20000008   Number         0  anon$$obj.o ABSOLUTE
    Image$$RW_IRAM1$$ZI$$Limit               0x20000408   Number         0  anon$$obj.o ABSOLUTE



==============================================================================

Memory Map of the image

  Image Entry point : 0x08000091

  Load Region LR_IROM1 (Base: 0x08000000, Size: 0x000000a0, Max: 0x00080000, ABSOLUTE)

    Execution Region ER_IROM1 (Exec base: 0x08000000, Load base: 0x08000000, Size: 0x00000098, Max: 0x00080000, ABSOLUTE)

    Exec Addr    Load Addr    Size         Type   Attr      Idx    E Section Name        Object

    0x08000000   0x08000000   0x00000008   Data   RO            2    Reset               start.o
    0x08000008   0x08000008   0x00000088   Code   RO            8    .text               asm3-7.o
    0x08000090   0x08000090   0x00000008   Code   RO            3  * Init                start.o


    Execution Region RW_IRAM1 (Exec base: 0x20000000, Load base: 0x08000098, Size: 0x00000408, Max: 0x00020000, ABSOLUTE)

    Exec Addr    Load Addr    Size         Type   Attr      Idx    E Section Name        Object

    0x20000000   0x08000098   0x00000008   Data   RW            9    MyData              asm3-7.o
    0x20000008        -       0x00000400   Zero   RW            1    MyStack             start.o


==============================================================================

Image component sizes


      Code (inc. data)   RO Data    RW Data    ZI Data      Debug   Object Name

       136         24          0          8          0        432   asm3-7.o
         8          4          8          0       1024        220   start.o

    ----------------------------------------------------------------------
       144         28          8          8       1024        652   Object Totals
         0          0          0          0          0          0   (incl. Generated)
         0          0          0          0          0          0   (incl. Padding)

    ----------------------------------------------------------------------
         0          0          0          0          0          0   Library Totals
         0          0          0          0          0          0   (incl. Padding)

    ----------------------------------------------------------------------

==============================================================================


      Code (inc. data)   RO Data    RW Data    ZI Data      Debug   

       144         28          8          8       1024        652   Grand Totals
       144         28          8          8       1024        652   ELF Image Totals
       144         28          8          8          0          0   ROM Totals

==============================================================================

    Total RO  Size (Code + RO Data)                  152 (   0.15kB)
    Total RW  Size (RW Data + ZI Data)              1032 (   1.01kB)
    Total ROM Size (Code + RO Data + RW Data)        160 (   0.16kB)

==============================================================================

